../Drivers/STM32L0xx_HAL_Driver/Src/stm32l0xx_hal_tim.c:371:13:HAL_TIM_Base_MspInit	0	static
../Drivers/STM32L0xx_HAL_Driver/Src/stm32l0xx_hal_tim.c:269:19:HAL_TIM_Base_Init	8	static
../Drivers/STM32L0xx_HAL_Driver/Src/stm32l0xx_hal_tim.c:386:13:HAL_TIM_Base_MspDeInit	0	static
../Drivers/STM32L0xx_HAL_Driver/Src/stm32l0xx_hal_tim.c:329:19:HAL_TIM_Base_DeInit	8	static
../Drivers/STM32L0xx_HAL_Driver/Src/stm32l0xx_hal_tim.c:402:19:HAL_TIM_Base_Start	8	static
../Drivers/STM32L0xx_HAL_Driver/Src/stm32l0xx_hal_tim.c:441:19:HAL_TIM_Base_Stop	0	static
../Drivers/STM32L0xx_HAL_Driver/Src/stm32l0xx_hal_tim.c:461:19:HAL_TIM_Base_Start_IT	8	static
../Drivers/STM32L0xx_HAL_Driver/Src/stm32l0xx_hal_tim.c:503:19:HAL_TIM_Base_Stop_IT	8	static
../Drivers/STM32L0xx_HAL_Driver/Src/stm32l0xx_hal_tim.c:528:19:HAL_TIM_Base_Start_DMA	16	static
../Drivers/STM32L0xx_HAL_Driver/Src/stm32l0xx_hal_tim.c:597:19:HAL_TIM_Base_Stop_DMA	8	static
../Drivers/STM32L0xx_HAL_Driver/Src/stm32l0xx_hal_tim.c:754:13:HAL_TIM_OC_MspInit	0	static
../Drivers/STM32L0xx_HAL_Driver/Src/stm32l0xx_hal_tim.c:652:19:HAL_TIM_OC_Init	8	static
../Drivers/STM32L0xx_HAL_Driver/Src/stm32l0xx_hal_tim.c:769:13:HAL_TIM_OC_MspDeInit	0	static
../Drivers/STM32L0xx_HAL_Driver/Src/stm32l0xx_hal_tim.c:712:19:HAL_TIM_OC_DeInit	8	static
../Drivers/STM32L0xx_HAL_Driver/Src/stm32l0xx_hal_tim.c:790:19:HAL_TIM_OC_Start	0	static
../Drivers/STM32L0xx_HAL_Driver/Src/stm32l0xx_hal_tim.c:838:19:HAL_TIM_OC_Stop	16	static
../Drivers/STM32L0xx_HAL_Driver/Src/stm32l0xx_hal_tim.c:867:19:HAL_TIM_OC_Start_IT	8	static
../Drivers/STM32L0xx_HAL_Driver/Src/stm32l0xx_hal_tim.c:954:19:HAL_TIM_OC_Stop_IT	8	static
../Drivers/STM32L0xx_HAL_Driver/Src/stm32l0xx_hal_tim.c:1025:19:HAL_TIM_OC_Start_DMA	16	static
../Drivers/STM32L0xx_HAL_Driver/Src/stm32l0xx_hal_tim.c:1183:19:HAL_TIM_OC_Stop_DMA	16	static
../Drivers/STM32L0xx_HAL_Driver/Src/stm32l0xx_hal_tim.c:1382:13:HAL_TIM_PWM_MspInit	0	static
../Drivers/STM32L0xx_HAL_Driver/Src/stm32l0xx_hal_tim.c:1280:19:HAL_TIM_PWM_Init	8	static
../Drivers/STM32L0xx_HAL_Driver/Src/stm32l0xx_hal_tim.c:1397:13:HAL_TIM_PWM_MspDeInit	0	static
../Drivers/STM32L0xx_HAL_Driver/Src/stm32l0xx_hal_tim.c:1340:19:HAL_TIM_PWM_DeInit	8	static
../Drivers/STM32L0xx_HAL_Driver/Src/stm32l0xx_hal_tim.c:1418:19:HAL_TIM_PWM_Start	0	static
../Drivers/STM32L0xx_HAL_Driver/Src/stm32l0xx_hal_tim.c:1466:19:HAL_TIM_PWM_Stop	16	static
../Drivers/STM32L0xx_HAL_Driver/Src/stm32l0xx_hal_tim.c:1495:19:HAL_TIM_PWM_Start_IT	8	static
../Drivers/STM32L0xx_HAL_Driver/Src/stm32l0xx_hal_tim.c:1582:19:HAL_TIM_PWM_Stop_IT	8	static
../Drivers/STM32L0xx_HAL_Driver/Src/stm32l0xx_hal_tim.c:1653:19:HAL_TIM_PWM_Start_DMA	16	static
../Drivers/STM32L0xx_HAL_Driver/Src/stm32l0xx_hal_tim.c:1810:19:HAL_TIM_PWM_Stop_DMA	16	static
../Drivers/STM32L0xx_HAL_Driver/Src/stm32l0xx_hal_tim.c:2009:13:HAL_TIM_IC_MspInit	0	static
../Drivers/STM32L0xx_HAL_Driver/Src/stm32l0xx_hal_tim.c:1907:19:HAL_TIM_IC_Init	8	static
../Drivers/STM32L0xx_HAL_Driver/Src/stm32l0xx_hal_tim.c:2024:13:HAL_TIM_IC_MspDeInit	0	static
../Drivers/STM32L0xx_HAL_Driver/Src/stm32l0xx_hal_tim.c:1967:19:HAL_TIM_IC_DeInit	8	static
../Drivers/STM32L0xx_HAL_Driver/Src/stm32l0xx_hal_tim.c:2045:19:HAL_TIM_IC_Start	8	static
../Drivers/STM32L0xx_HAL_Driver/Src/stm32l0xx_hal_tim.c:2094:19:HAL_TIM_IC_Stop	16	static
../Drivers/STM32L0xx_HAL_Driver/Src/stm32l0xx_hal_tim.c:2123:19:HAL_TIM_IC_Start_IT	8	static
../Drivers/STM32L0xx_HAL_Driver/Src/stm32l0xx_hal_tim.c:2212:19:HAL_TIM_IC_Stop_IT	8	static
../Drivers/STM32L0xx_HAL_Driver/Src/stm32l0xx_hal_tim.c:2283:19:HAL_TIM_IC_Start_DMA	32	static
../Drivers/STM32L0xx_HAL_Driver/Src/stm32l0xx_hal_tim.c:2438:19:HAL_TIM_IC_Stop_DMA	16	static
../Drivers/STM32L0xx_HAL_Driver/Src/stm32l0xx_hal_tim.c:2653:13:HAL_TIM_OnePulse_MspInit	0	static
../Drivers/STM32L0xx_HAL_Driver/Src/stm32l0xx_hal_tim.c:2542:19:HAL_TIM_OnePulse_Init	16	static
../Drivers/STM32L0xx_HAL_Driver/Src/stm32l0xx_hal_tim.c:2668:13:HAL_TIM_OnePulse_MspDeInit	0	static
../Drivers/STM32L0xx_HAL_Driver/Src/stm32l0xx_hal_tim.c:2610:19:HAL_TIM_OnePulse_DeInit	8	static
../Drivers/STM32L0xx_HAL_Driver/Src/stm32l0xx_hal_tim.c:2688:19:HAL_TIM_OnePulse_Start	12	static
../Drivers/STM32L0xx_HAL_Driver/Src/stm32l0xx_hal_tim.c:2733:19:HAL_TIM_OnePulse_Stop	8	static
../Drivers/STM32L0xx_HAL_Driver/Src/stm32l0xx_hal_tim.c:2768:19:HAL_TIM_OnePulse_Start_IT	12	static
../Drivers/STM32L0xx_HAL_Driver/Src/stm32l0xx_hal_tim.c:2819:19:HAL_TIM_OnePulse_Stop_IT	8	static
../Drivers/STM32L0xx_HAL_Driver/Src/stm32l0xx_hal_tim.c:3047:13:HAL_TIM_Encoder_MspInit	0	static
../Drivers/STM32L0xx_HAL_Driver/Src/stm32l0xx_hal_tim.c:2890:19:HAL_TIM_Encoder_Init	24	static
../Drivers/STM32L0xx_HAL_Driver/Src/stm32l0xx_hal_tim.c:3062:13:HAL_TIM_Encoder_MspDeInit	0	static
../Drivers/STM32L0xx_HAL_Driver/Src/stm32l0xx_hal_tim.c:3004:19:HAL_TIM_Encoder_DeInit	8	static
../Drivers/STM32L0xx_HAL_Driver/Src/stm32l0xx_hal_tim.c:3082:19:HAL_TIM_Encoder_Start	16	static
../Drivers/STM32L0xx_HAL_Driver/Src/stm32l0xx_hal_tim.c:3166:19:HAL_TIM_Encoder_Stop	8	static
../Drivers/STM32L0xx_HAL_Driver/Src/stm32l0xx_hal_tim.c:3223:19:HAL_TIM_Encoder_Start_IT	16	static
../Drivers/STM32L0xx_HAL_Driver/Src/stm32l0xx_hal_tim.c:3313:19:HAL_TIM_Encoder_Stop_IT	8	static
../Drivers/STM32L0xx_HAL_Driver/Src/stm32l0xx_hal_tim.c:3375:19:HAL_TIM_Encoder_Start_DMA	32	static
../Drivers/STM32L0xx_HAL_Driver/Src/stm32l0xx_hal_tim.c:3574:19:HAL_TIM_Encoder_Stop_DMA	16	static
../Drivers/STM32L0xx_HAL_Driver/Src/stm32l0xx_hal_tim.c:3836:19:HAL_TIM_OC_ConfigChannel	16	static
../Drivers/STM32L0xx_HAL_Driver/Src/stm32l0xx_hal_tim.c:3915:19:HAL_TIM_IC_ConfigChannel	28	static
../Drivers/STM32L0xx_HAL_Driver/Src/stm32l0xx_hal_tim.c:4014:19:HAL_TIM_PWM_ConfigChannel	20	static
../Drivers/STM32L0xx_HAL_Driver/Src/stm32l0xx_hal_tim.c:4128:19:HAL_TIM_OnePulse_ConfigChannel	48	static
../Drivers/STM32L0xx_HAL_Driver/Src/stm32l0xx_hal_tim.c:4271:19:HAL_TIM_DMABurst_WriteStart	24	static
../Drivers/STM32L0xx_HAL_Driver/Src/stm32l0xx_hal_tim.c:4321:19:HAL_TIM_DMABurst_MultiWriteStart	16	static
../Drivers/STM32L0xx_HAL_Driver/Src/stm32l0xx_hal_tim.c:4487:19:HAL_TIM_DMABurst_WriteStop	16	static
../Drivers/STM32L0xx_HAL_Driver/Src/stm32l0xx_hal_tim.c:4581:19:HAL_TIM_DMABurst_ReadStart	24	static
../Drivers/STM32L0xx_HAL_Driver/Src/stm32l0xx_hal_tim.c:4630:19:HAL_TIM_DMABurst_MultiReadStart	16	static
../Drivers/STM32L0xx_HAL_Driver/Src/stm32l0xx_hal_tim.c:4796:19:HAL_TIM_DMABurst_ReadStop	16	static
../Drivers/STM32L0xx_HAL_Driver/Src/stm32l0xx_hal_tim.c:4869:19:HAL_TIM_GenerateEvent	8	static
../Drivers/STM32L0xx_HAL_Driver/Src/stm32l0xx_hal_tim.c:4906:19:HAL_TIM_ConfigOCrefClear	16	static
../Drivers/STM32L0xx_HAL_Driver/Src/stm32l0xx_hal_tim.c:5036:19:HAL_TIM_ConfigClockSource	16	static
../Drivers/STM32L0xx_HAL_Driver/Src/stm32l0xx_hal_tim.c:5190:19:HAL_TIM_ConfigTI1Input	0	static
../Drivers/STM32L0xx_HAL_Driver/Src/stm32l0xx_hal_tim.c:5222:19:HAL_TIM_SlaveConfigSynchro	16	static
../Drivers/STM32L0xx_HAL_Driver/Src/stm32l0xx_hal_tim.c:5262:19:HAL_TIM_SlaveConfigSynchro_IT	16	static
../Drivers/STM32L0xx_HAL_Driver/Src/stm32l0xx_hal_tim.c:5305:10:HAL_TIM_ReadCapturedValue	0	static
../Drivers/STM32L0xx_HAL_Driver/Src/stm32l0xx_hal_tim.c:5389:13:HAL_TIM_PeriodElapsedCallback	0	static
../Drivers/STM32L0xx_HAL_Driver/Src/stm32l0xx_hal_tim.c:6357:13:TIM_DMAPeriodElapsedCplt	8	static
../Drivers/STM32L0xx_HAL_Driver/Src/stm32l0xx_hal_tim.c:5404:13:HAL_TIM_PeriodElapsedHalfCpltCallback	0	static
../Drivers/STM32L0xx_HAL_Driver/Src/stm32l0xx_hal_tim.c:6378:13:TIM_DMAPeriodElapsedHalfCplt	8	static
../Drivers/STM32L0xx_HAL_Driver/Src/stm32l0xx_hal_tim.c:5419:13:HAL_TIM_OC_DelayElapsedCallback	0	static
../Drivers/STM32L0xx_HAL_Driver/Src/stm32l0xx_hal_tim.c:5434:13:HAL_TIM_IC_CaptureCallback	0	static
../Drivers/STM32L0xx_HAL_Driver/Src/stm32l0xx_hal_tim.c:6259:6:TIM_DMACaptureCplt	8	static
../Drivers/STM32L0xx_HAL_Driver/Src/stm32l0xx_hal_tim.c:5449:13:HAL_TIM_IC_CaptureHalfCpltCallback	0	static
../Drivers/STM32L0xx_HAL_Driver/Src/stm32l0xx_hal_tim.c:6318:6:TIM_DMACaptureHalfCplt	8	static
../Drivers/STM32L0xx_HAL_Driver/Src/stm32l0xx_hal_tim.c:5464:13:HAL_TIM_PWM_PulseFinishedCallback	0	static
../Drivers/STM32L0xx_HAL_Driver/Src/stm32l0xx_hal_tim.c:6161:13:TIM_DMADelayPulseCplt	8	static
../Drivers/STM32L0xx_HAL_Driver/Src/stm32l0xx_hal_tim.c:5479:13:HAL_TIM_PWM_PulseFinishedHalfCpltCallback	0	static
../Drivers/STM32L0xx_HAL_Driver/Src/stm32l0xx_hal_tim.c:6220:13:TIM_DMADelayPulseHalfCplt	8	static
../Drivers/STM32L0xx_HAL_Driver/Src/stm32l0xx_hal_tim.c:5494:13:HAL_TIM_TriggerCallback	0	static
../Drivers/STM32L0xx_HAL_Driver/Src/stm32l0xx_hal_tim.c:3648:6:HAL_TIM_IRQHandler	8	static
../Drivers/STM32L0xx_HAL_Driver/Src/stm32l0xx_hal_tim.c:6394:13:TIM_DMATriggerCplt	8	static
../Drivers/STM32L0xx_HAL_Driver/Src/stm32l0xx_hal_tim.c:5509:13:HAL_TIM_TriggerHalfCpltCallback	0	static
../Drivers/STM32L0xx_HAL_Driver/Src/stm32l0xx_hal_tim.c:6415:13:TIM_DMATriggerHalfCplt	8	static
../Drivers/STM32L0xx_HAL_Driver/Src/stm32l0xx_hal_tim.c:5524:13:HAL_TIM_ErrorCallback	0	static
../Drivers/STM32L0xx_HAL_Driver/Src/stm32l0xx_hal_tim.c:6118:6:TIM_DMAError	8	static
../Drivers/STM32L0xx_HAL_Driver/Src/stm32l0xx_hal_tim.c:5998:22:HAL_TIM_Base_GetState	0	static
../Drivers/STM32L0xx_HAL_Driver/Src/stm32l0xx_hal_tim.c:6008:22:HAL_TIM_OC_GetState	0	static
../Drivers/STM32L0xx_HAL_Driver/Src/stm32l0xx_hal_tim.c:6018:22:HAL_TIM_PWM_GetState	0	static
../Drivers/STM32L0xx_HAL_Driver/Src/stm32l0xx_hal_tim.c:6028:22:HAL_TIM_IC_GetState	0	static
../Drivers/STM32L0xx_HAL_Driver/Src/stm32l0xx_hal_tim.c:6038:22:HAL_TIM_OnePulse_GetState	0	static
../Drivers/STM32L0xx_HAL_Driver/Src/stm32l0xx_hal_tim.c:6048:22:HAL_TIM_Encoder_GetState	0	static
../Drivers/STM32L0xx_HAL_Driver/Src/stm32l0xx_hal_tim.c:6058:23:HAL_TIM_GetActiveChannel	0	static
../Drivers/STM32L0xx_HAL_Driver/Src/stm32l0xx_hal_tim.c:6076:29:HAL_TIM_GetChannelState	0	static
../Drivers/STM32L0xx_HAL_Driver/Src/stm32l0xx_hal_tim.c:6093:30:HAL_TIM_DMABurstState	0	static
